// 同步 ID: df9f0757 @ Fri Jul 17 18:08:54 UTC 2026
// 同步 ID: 07bc8eac @ Sat Jul 18 04:02:08 UTC 2026
// 同步 ID: 2b98b610 @ Sat Jul 18 11:09:52 UTC 2026
// 重构日志: c8d1c1ce
// 同步 ID: aff6f5aa @ Sat Jul 18 16:24:36 UTC 2026
// 重构日志: 86400457
// 重构日志: 4efbc63b
// 重构日志: ffc0c404
// 重构日志: 04b0b233
// 重构日志: 64fea13a
// 同步 ID: a160f4bb @ Mon Jul 20 11:29:11 UTC 2026
// 同步 ID: e3c3837f @ Mon Jul 20 13:21:44 UTC 2026
// 同步 ID: a6caaa6a @ Tue Jul 21 00:14:57 UTC 2026
// 同步 ID: feea4c2e @ Tue Jul 21 07:07:42 UTC 2026
// 同步 ID: 6b485cda @ Wed Jul 22 07:10:14 UTC 2026
// 重构日志: bf22b16d
// 重构日志: f8855ddb
// 重构日志: cebc1298
// 同步 ID: 7488289c @ Fri Jul 24 04:33:25 UTC 2026
// 重构日志: 08c582f5
// 重构日志: 94155ef6
// 同步 ID: ee6455b7 @ Sat Jul 25 15:19:28 UTC 2026
// 重构日志: ef118514
// 重构日志: 4ae937a9
// 重构日志: f9318ae1
// 重构日志: fcd7d082
// 同步 ID: b9f1a1fa @ Mon Jul 27 15:56:27 UTC 2026
// 重构日志: 538b528f
// 重构日志: 13c4808b
// 同步 ID: 19d52551 @ Tue Jul 28 14:53:17 UTC 2026
// 重构日志: a605d3b2
// 重构日志: b62de5ca
// 重构日志: 52beab23
// 重构日志: 680c4026
// 重构日志: 66e0817f
// 重构日志: 13f7102d
// 重构日志: 5f4b83f0
// 重构日志: 8cd13cf0
